// Jest Snapshot v1, https://goo.gl/fbAQLP

exports[`Header Component Desktop Window Size renders the component 1`] = `
Object {
  "asFragment": [Function],
  "baseElement": <body
    class="chakra-ui-dark"
  >
    <div
      id="chakra-toast-portal"
    >
      <ul
        id="chakra-toast-manager-top"
        style="position: fixed; z-index: 5500; pointer-events: none; display: flex; flex-direction: column; margin: 0px auto;"
      />
      <ul
        id="chakra-toast-manager-top-left"
        style="position: fixed; z-index: 5500; pointer-events: none; display: flex; flex-direction: column;"
      />
      <ul
        id="chakra-toast-manager-top-right"
        style="position: fixed; z-index: 5500; pointer-events: none; display: flex; flex-direction: column;"
      />
      <ul
        id="chakra-toast-manager-bottom-left"
        style="position: fixed; z-index: 5500; pointer-events: none; display: flex; flex-direction: column;"
      />
      <ul
        id="chakra-toast-manager-bottom"
        style="position: fixed; z-index: 5500; pointer-events: none; display: flex; flex-direction: column; margin: 0px auto;"
      />
      <ul
        id="chakra-toast-manager-bottom-right"
        style="position: fixed; z-index: 5500; pointer-events: none; display: flex; flex-direction: column;"
      />
    </div>
    <div>
      <nav
        class="css-h56wkw"
      >
        <button
          aria-label="Menu"
          class="chakra-button css-s2kmp4"
          type="button"
        >
          <svg
            aria-hidden="true"
            class="chakra-icon css-6tzxjd"
            focusable="false"
            viewBox="0 0 24 24"
          >
            <path
              d="M 3 5 A 1.0001 1.0001 0 1 0 3 7 L 21 7 A 1.0001 1.0001 0 1 0 21 5 L 3 5 z M 3 11 A 1.0001 1.0001 0 1 0 3 13 L 21 13 A 1.0001 1.0001 0 1 0 21 11 L 3 11 z M 3 17 A 1.0001 1.0001 0 1 0 3 19 L 21 19 A 1.0001 1.0001 0 1 0 21 17 L 3 17 z"
              fill="currentColor"
            />
          </svg>
        </button>
        <div
          class="chakra-stack css-1wtjd1r"
        >
          <button
            class="chakra-button css-itouur"
            type="button"
          >
            Projects
          </button>
          <button
            class="chakra-button css-itouur"
            type="button"
          >
            About Me
          </button>
          <button
            class="chakra-button css-itouur"
            type="button"
          >
            Contact
          </button>
          <a
            class="chakra-button css-1s4lge1"
            href="https://resume.creddle.io/resume/jltrgnkt9gg"
            rel="noreferrer noopener"
            target="_blank"
          >
            Resume
          </a>
        </div>
      </nav>
    </div>
  </body>,
  "container": <div>
    <nav
      class="css-h56wkw"
    >
      <button
        aria-label="Menu"
        class="chakra-button css-s2kmp4"
        type="button"
      >
        <svg
          aria-hidden="true"
          class="chakra-icon css-6tzxjd"
          focusable="false"
          viewBox="0 0 24 24"
        >
          <path
            d="M 3 5 A 1.0001 1.0001 0 1 0 3 7 L 21 7 A 1.0001 1.0001 0 1 0 21 5 L 3 5 z M 3 11 A 1.0001 1.0001 0 1 0 3 13 L 21 13 A 1.0001 1.0001 0 1 0 21 11 L 3 11 z M 3 17 A 1.0001 1.0001 0 1 0 3 19 L 21 19 A 1.0001 1.0001 0 1 0 21 17 L 3 17 z"
            fill="currentColor"
          />
        </svg>
      </button>
      <div
        class="chakra-stack css-1wtjd1r"
      >
        <button
          class="chakra-button css-itouur"
          type="button"
        >
          Projects
        </button>
        <button
          class="chakra-button css-itouur"
          type="button"
        >
          About Me
        </button>
        <button
          class="chakra-button css-itouur"
          type="button"
        >
          Contact
        </button>
        <a
          class="chakra-button css-1s4lge1"
          href="https://resume.creddle.io/resume/jltrgnkt9gg"
          rel="noreferrer noopener"
          target="_blank"
        >
          Resume
        </a>
      </div>
    </nav>
  </div>,
  "debug": [Function],
  "findAllByAltText": [Function],
  "findAllByDisplayValue": [Function],
  "findAllByLabelText": [Function],
  "findAllByPlaceholderText": [Function],
  "findAllByRole": [Function],
  "findAllByTestId": [Function],
  "findAllByText": [Function],
  "findAllByTitle": [Function],
  "findByAltText": [Function],
  "findByDisplayValue": [Function],
  "findByLabelText": [Function],
  "findByPlaceholderText": [Function],
  "findByRole": [Function],
  "findByTestId": [Function],
  "findByText": [Function],
  "findByTitle": [Function],
  "getAllByAltText": [Function],
  "getAllByDisplayValue": [Function],
  "getAllByLabelText": [Function],
  "getAllByPlaceholderText": [Function],
  "getAllByRole": [Function],
  "getAllByTestId": [Function],
  "getAllByText": [Function],
  "getAllByTitle": [Function],
  "getByAltText": [Function],
  "getByDisplayValue": [Function],
  "getByLabelText": [Function],
  "getByPlaceholderText": [Function],
  "getByRole": [Function],
  "getByTestId": [Function],
  "getByText": [Function],
  "getByTitle": [Function],
  "queryAllByAltText": [Function],
  "queryAllByDisplayValue": [Function],
  "queryAllByLabelText": [Function],
  "queryAllByPlaceholderText": [Function],
  "queryAllByRole": [Function],
  "queryAllByTestId": [Function],
  "queryAllByText": [Function],
  "queryAllByTitle": [Function],
  "queryByAltText": [Function],
  "queryByDisplayValue": [Function],
  "queryByLabelText": [Function],
  "queryByPlaceholderText": [Function],
  "queryByRole": [Function],
  "queryByTestId": [Function],
  "queryByText": [Function],
  "queryByTitle": [Function],
  "rerender": [Function],
  "unmount": [Function],
}
`;

exports[`Header Component Mobile Window Size renders the component 1`] = `
Object {
  "asFragment": [Function],
  "baseElement": <body
    class="chakra-ui-dark"
  >
    <div
      id="chakra-toast-portal"
    >
      <ul
        id="chakra-toast-manager-top"
        style="position: fixed; z-index: 5500; pointer-events: none; display: flex; flex-direction: column; margin: 0px auto;"
      />
      <ul
        id="chakra-toast-manager-top-left"
        style="position: fixed; z-index: 5500; pointer-events: none; display: flex; flex-direction: column;"
      />
      <ul
        id="chakra-toast-manager-top-right"
        style="position: fixed; z-index: 5500; pointer-events: none; display: flex; flex-direction: column;"
      />
      <ul
        id="chakra-toast-manager-bottom-left"
        style="position: fixed; z-index: 5500; pointer-events: none; display: flex; flex-direction: column;"
      />
      <ul
        id="chakra-toast-manager-bottom"
        style="position: fixed; z-index: 5500; pointer-events: none; display: flex; flex-direction: column; margin: 0px auto;"
      />
      <ul
        id="chakra-toast-manager-bottom-right"
        style="position: fixed; z-index: 5500; pointer-events: none; display: flex; flex-direction: column;"
      />
    </div>
    <div>
      <nav
        class="css-h56wkw"
      >
        <button
          aria-label="Menu"
          class="chakra-button css-s2kmp4"
          type="button"
        >
          <svg
            aria-hidden="true"
            class="chakra-icon css-6tzxjd"
            focusable="false"
            viewBox="0 0 24 24"
          >
            <path
              d="M 3 5 A 1.0001 1.0001 0 1 0 3 7 L 21 7 A 1.0001 1.0001 0 1 0 21 5 L 3 5 z M 3 11 A 1.0001 1.0001 0 1 0 3 13 L 21 13 A 1.0001 1.0001 0 1 0 21 11 L 3 11 z M 3 17 A 1.0001 1.0001 0 1 0 3 19 L 21 19 A 1.0001 1.0001 0 1 0 21 17 L 3 17 z"
              fill="currentColor"
            />
          </svg>
        </button>
        <div
          class="chakra-stack css-1wtjd1r"
        >
          <button
            class="chakra-button css-itouur"
            type="button"
          >
            Projects
          </button>
          <button
            class="chakra-button css-itouur"
            type="button"
          >
            About Me
          </button>
          <button
            class="chakra-button css-itouur"
            type="button"
          >
            Contact
          </button>
          <a
            class="chakra-button css-1s4lge1"
            href="https://resume.creddle.io/resume/jltrgnkt9gg"
            rel="noreferrer noopener"
            target="_blank"
          >
            Resume
          </a>
        </div>
      </nav>
    </div>
  </body>,
  "container": <div>
    <nav
      class="css-h56wkw"
    >
      <button
        aria-label="Menu"
        class="chakra-button css-s2kmp4"
        type="button"
      >
        <svg
          aria-hidden="true"
          class="chakra-icon css-6tzxjd"
          focusable="false"
          viewBox="0 0 24 24"
        >
          <path
            d="M 3 5 A 1.0001 1.0001 0 1 0 3 7 L 21 7 A 1.0001 1.0001 0 1 0 21 5 L 3 5 z M 3 11 A 1.0001 1.0001 0 1 0 3 13 L 21 13 A 1.0001 1.0001 0 1 0 21 11 L 3 11 z M 3 17 A 1.0001 1.0001 0 1 0 3 19 L 21 19 A 1.0001 1.0001 0 1 0 21 17 L 3 17 z"
            fill="currentColor"
          />
        </svg>
      </button>
      <div
        class="chakra-stack css-1wtjd1r"
      >
        <button
          class="chakra-button css-itouur"
          type="button"
        >
          Projects
        </button>
        <button
          class="chakra-button css-itouur"
          type="button"
        >
          About Me
        </button>
        <button
          class="chakra-button css-itouur"
          type="button"
        >
          Contact
        </button>
        <a
          class="chakra-button css-1s4lge1"
          href="https://resume.creddle.io/resume/jltrgnkt9gg"
          rel="noreferrer noopener"
          target="_blank"
        >
          Resume
        </a>
      </div>
    </nav>
  </div>,
  "debug": [Function],
  "findAllByAltText": [Function],
  "findAllByDisplayValue": [Function],
  "findAllByLabelText": [Function],
  "findAllByPlaceholderText": [Function],
  "findAllByRole": [Function],
  "findAllByTestId": [Function],
  "findAllByText": [Function],
  "findAllByTitle": [Function],
  "findByAltText": [Function],
  "findByDisplayValue": [Function],
  "findByLabelText": [Function],
  "findByPlaceholderText": [Function],
  "findByRole": [Function],
  "findByTestId": [Function],
  "findByText": [Function],
  "findByTitle": [Function],
  "getAllByAltText": [Function],
  "getAllByDisplayValue": [Function],
  "getAllByLabelText": [Function],
  "getAllByPlaceholderText": [Function],
  "getAllByRole": [Function],
  "getAllByTestId": [Function],
  "getAllByText": [Function],
  "getAllByTitle": [Function],
  "getByAltText": [Function],
  "getByDisplayValue": [Function],
  "getByLabelText": [Function],
  "getByPlaceholderText": [Function],
  "getByRole": [Function],
  "getByTestId": [Function],
  "getByText": [Function],
  "getByTitle": [Function],
  "queryAllByAltText": [Function],
  "queryAllByDisplayValue": [Function],
  "queryAllByLabelText": [Function],
  "queryAllByPlaceholderText": [Function],
  "queryAllByRole": [Function],
  "queryAllByTestId": [Function],
  "queryAllByText": [Function],
  "queryAllByTitle": [Function],
  "queryByAltText": [Function],
  "queryByDisplayValue": [Function],
  "queryByLabelText": [Function],
  "queryByPlaceholderText": [Function],
  "queryByRole": [Function],
  "queryByTestId": [Function],
  "queryByText": [Function],
  "queryByTitle": [Function],
  "rerender": [Function],
  "unmount": [Function],
}
`;
